MPLINK 5.00, LINKER
Linker Map File - Created Wed Jan 10 14:18:58 2018

                                 Section Info
                  Section       Type    Address   Location Size(Bytes)
                ---------  ---------  ---------  ---------  ---------
               _entry_scn       code   0x000000    program   0x000006
                   .cinit    romdata   0x000006    program   0x000002
      InterruptVectorHigh       code   0x000008    program   0x000006
               _cinit_scn       code   0x00000e    program   0x00009e
             .code_main.o       code   0x0000ac    program   0x00006e
                    .code       code   0x00011a    program   0x000020
             _startup_scn       code   0x00013a    program   0x00001a
           .code___init.o       code   0x000154    program   0x000002
          .idata_main.o_i    romdata   0x000156    program   0x000000
          .romdata_main.o    romdata   0x000156    program   0x000000
          .code_c018i_e.o       code   0x000156    program   0x000000
       .romdata_c018i_e.o    romdata   0x000156    program   0x000000
        .idata___init.o_i    romdata   0x000156    program   0x000000
        .romdata___init.o    romdata   0x000156    program   0x000000
       .idata_c018i_e.o_i    romdata   0x000156    program   0x000000
    .config_300001_main.o    romdata   0x300001    program   0x000001
    .config_300006_main.o    romdata   0x300006    program   0x000001
                   .stack      udata   0x000080       data   0x000040
         .udata_c018i_e.o      udata   0x0000c0       data   0x00000a
            .udata_main.o      udata   0x0000ca       data   0x000001
                 .tmpdata      udata   0x0000cb       data   0x000000
         .idata_c018i_e.o      idata   0x0000cb       data   0x000000
            .idata_main.o      idata   0x0000cb       data   0x000000
          .udata___init.o      udata   0x0000cb       data   0x000000
          .idata___init.o      idata   0x0000cb       data   0x000000
            SFR_UNBANKED0      udata   0x000f80       data   0x000045
            SFR_UNBANKED1      udata   0x000fcd       data   0x000033



                              Program Memory Usage 
                               Start         End      
                           ---------   ---------      
                            0x000000    0x000155      
                            0x300001    0x300001      
                            0x300006    0x300006      
            344 out of 4248 program addresses used, program memory utilization is 8%



                              Symbols - Sorted by Name
                     Name    Address   Location    Storage File                     
                ---------  ---------  ---------  --------- ---------                
     InterruptHandlerHigh   0x0000fc    program     extern L:\Microchip\PIC\Projects\Reko\PIC18Extd\main.c
      InterruptVectorHigh   0x000008    program     extern L:\Microchip\PIC\Projects\Reko\PIC18Extd\main.c
       ___return_lbl00000   0x000004    program     static                          
       ___return_lbl00001   0x000152    program     static                          
       ___return_lbl00002   0x0000aa    program     static                          
       ___return_lbl00005   0x00000c    program     static                          
               __config_0   0x300001    program     static L:\Microchip\PIC\Projects\Reko\PIC18Extd\main.c
               __config_1   0x300006    program     static L:\Microchip\PIC\Projects\Reko\PIC18Extd\main.c
                   __init   0x000154    program     extern E:\3.46\pic18-lt\cxx-framework\src\extended\stdclib\__init.c
            __zero_memory   0x00011a    program     extern E:\3.46\pic18-lt\cxx-framework\src\extended\proc\p18f1230.asm
                _do_cinit   0x00000e    program     extern E:\3.46\pic18-lt\cxx-framework\src\extended\startup\c018i_e.c
                   _entry   0x000000    program     extern E:\3.46\pic18-lt\cxx-framework\src\extended\startup\c018i_e.c
                 _startup   0x00013a    program     extern E:\3.46\pic18-lt\cxx-framework\src\extended\startup\c018i_e.c
                compare_l   0x000130    program     static E:\3.46\pic18-lt\cxx-framework\src\extended\proc\p18f1230.asm
                copy_loop   0x000080    program     static                          
            copy_one_byte   0x000086    program     static                          
                   doloop   0x0000d0    program     extern L:\Microchip\PIC\Projects\Reko\PIC18Extd\main.c
                     done   0x0000aa    program     static                          
             done_copying   0x000094    program     static                          
                     loop   0x000148    program     static                          
                   loop_h   0x000128    program     static E:\3.46\pic18-lt\cxx-framework\src\extended\proc\p18f1230.asm
                   loop_l   0x000132    program     static E:\3.46\pic18-lt\cxx-framework\src\extended\proc\p18f1230.asm
                     main   0x0000ac    program     extern L:\Microchip\PIC\Projects\Reko\PIC18Extd\main.c
                     test   0x000028    program     static                          
               zero_block   0x000128    program     static E:\3.46\pic18-lt\cxx-framework\src\extended\proc\p18f1230.asm
                   ADCON0   0x000fc2       data     extern E:\3.46\pic18-lt\cxx-framework\src\extended\proc\p18f1230.asm
               ADCON0bits   0x000fc2       data     extern E:\3.46\pic18-lt\cxx-framework\src\extended\proc\p18f1230.asm
                   ADCON1   0x000fc1       data     extern E:\3.46\pic18-lt\cxx-framework\src\extended\proc\p18f1230.asm
               ADCON1bits   0x000fc1       data     extern E:\3.46\pic18-lt\cxx-framework\src\extended\proc\p18f1230.asm
                   ADCON2   0x000fc0       data     extern E:\3.46\pic18-lt\cxx-framework\src\extended\proc\p18f1230.asm
               ADCON2bits   0x000fc0       data     extern E:\3.46\pic18-lt\cxx-framework\src\extended\proc\p18f1230.asm
                    ADRES   0x000fc3       data     extern E:\3.46\pic18-lt\cxx-framework\src\extended\proc\p18f1230.asm
                   ADRESH   0x000fc4       data     extern E:\3.46\pic18-lt\cxx-framework\src\extended\proc\p18f1230.asm
                   ADRESL   0x000fc3       data     extern E:\3.46\pic18-lt\cxx-framework\src\extended\proc\p18f1230.asm
                  BAUDCON   0x000fb8       data     extern E:\3.46\pic18-lt\cxx-framework\src\extended\proc\p18f1230.asm
              BAUDCONbits   0x000fb8       data     extern E:\3.46\pic18-lt\cxx-framework\src\extended\proc\p18f1230.asm
                  BAUDCTL   0x000fb8       data     extern E:\3.46\pic18-lt\cxx-framework\src\extended\proc\p18f1230.asm
              BAUDCTLbits   0x000fb8       data     extern E:\3.46\pic18-lt\cxx-framework\src\extended\proc\p18f1230.asm
                      BSR   0x000fe0       data     extern E:\3.46\pic18-lt\cxx-framework\src\extended\proc\p18f1230.asm
                    CMCON   0x000fb4       data     extern E:\3.46\pic18-lt\cxx-framework\src\extended\proc\p18f1230.asm
                CMCONbits   0x000fb4       data     extern E:\3.46\pic18-lt\cxx-framework\src\extended\proc\p18f1230.asm
                   CVRCON   0x000fb5       data     extern E:\3.46\pic18-lt\cxx-framework\src\extended\proc\p18f1230.asm
               CVRCONbits   0x000fb5       data     extern E:\3.46\pic18-lt\cxx-framework\src\extended\proc\p18f1230.asm
                     DDRA   0x000f92       data     extern E:\3.46\pic18-lt\cxx-framework\src\extended\proc\p18f1230.asm
                 DDRAbits   0x000f92       data     extern E:\3.46\pic18-lt\cxx-framework\src\extended\proc\p18f1230.asm
                     DDRB   0x000f93       data     extern E:\3.46\pic18-lt\cxx-framework\src\extended\proc\p18f1230.asm
                 DDRBbits   0x000f93       data     extern E:\3.46\pic18-lt\cxx-framework\src\extended\proc\p18f1230.asm
                    DTCON   0x000f84       data     extern E:\3.46\pic18-lt\cxx-framework\src\extended\proc\p18f1230.asm
                DTCONbits   0x000f84       data     extern E:\3.46\pic18-lt\cxx-framework\src\extended\proc\p18f1230.asm
                    EEADR   0x000fa9       data     extern E:\3.46\pic18-lt\cxx-framework\src\extended\proc\p18f1230.asm
                   EECON1   0x000fa6       data     extern E:\3.46\pic18-lt\cxx-framework\src\extended\proc\p18f1230.asm
               EECON1bits   0x000fa6       data     extern E:\3.46\pic18-lt\cxx-framework\src\extended\proc\p18f1230.asm
                   EECON2   0x000fa7       data     extern E:\3.46\pic18-lt\cxx-framework\src\extended\proc\p18f1230.asm
                   EEDATA   0x000fa8       data     extern E:\3.46\pic18-lt\cxx-framework\src\extended\proc\p18f1230.asm
                FLTCONFIG   0x000f8b       data     extern E:\3.46\pic18-lt\cxx-framework\src\extended\proc\p18f1230.asm
            FLTCONFIGbits   0x000f8b       data     extern E:\3.46\pic18-lt\cxx-framework\src\extended\proc\p18f1230.asm
                     FSR0   0x000fe9       data     extern E:\3.46\pic18-lt\cxx-framework\src\extended\proc\p18f1230.asm
                    FSR0H   0x000fea       data     extern E:\3.46\pic18-lt\cxx-framework\src\extended\proc\p18f1230.asm
                    FSR0L   0x000fe9       data     extern E:\3.46\pic18-lt\cxx-framework\src\extended\proc\p18f1230.asm
                     FSR1   0x000fe1       data     extern E:\3.46\pic18-lt\cxx-framework\src\extended\proc\p18f1230.asm
                    FSR1H   0x000fe2       data     extern E:\3.46\pic18-lt\cxx-framework\src\extended\proc\p18f1230.asm
                    FSR1L   0x000fe1       data     extern E:\3.46\pic18-lt\cxx-framework\src\extended\proc\p18f1230.asm
                     FSR2   0x000fd9       data     extern E:\3.46\pic18-lt\cxx-framework\src\extended\proc\p18f1230.asm
                    FSR2H   0x000fda       data     extern E:\3.46\pic18-lt\cxx-framework\src\extended\proc\p18f1230.asm
                    FSR2L   0x000fd9       data     extern E:\3.46\pic18-lt\cxx-framework\src\extended\proc\p18f1230.asm
                    Flags   0x0000ca       data     extern L:\Microchip\PIC\Projects\Reko\PIC18Extd\main.c
                    INDF0   0x000fef       data     extern E:\3.46\pic18-lt\cxx-framework\src\extended\proc\p18f1230.asm
                    INDF1   0x000fe7       data     extern E:\3.46\pic18-lt\cxx-framework\src\extended\proc\p18f1230.asm
                    INDF2   0x000fdf       data     extern E:\3.46\pic18-lt\cxx-framework\src\extended\proc\p18f1230.asm
                   INTCON   0x000ff2       data     extern E:\3.46\pic18-lt\cxx-framework\src\extended\proc\p18f1230.asm
                  INTCON2   0x000ff1       data     extern E:\3.46\pic18-lt\cxx-framework\src\extended\proc\p18f1230.asm
              INTCON2bits   0x000ff1       data     extern E:\3.46\pic18-lt\cxx-framework\src\extended\proc\p18f1230.asm
                  INTCON3   0x000ff0       data     extern E:\3.46\pic18-lt\cxx-framework\src\extended\proc\p18f1230.asm
              INTCON3bits   0x000ff0       data     extern E:\3.46\pic18-lt\cxx-framework\src\extended\proc\p18f1230.asm
               INTCONbits   0x000ff2       data     extern E:\3.46\pic18-lt\cxx-framework\src\extended\proc\p18f1230.asm
                     IPR1   0x000f9f       data     extern E:\3.46\pic18-lt\cxx-framework\src\extended\proc\p18f1230.asm
                 IPR1bits   0x000f9f       data     extern E:\3.46\pic18-lt\cxx-framework\src\extended\proc\p18f1230.asm
                     IPR2   0x000fa2       data     extern E:\3.46\pic18-lt\cxx-framework\src\extended\proc\p18f1230.asm
                 IPR2bits   0x000fa2       data     extern E:\3.46\pic18-lt\cxx-framework\src\extended\proc\p18f1230.asm
                     IPR3   0x000fa5       data     extern E:\3.46\pic18-lt\cxx-framework\src\extended\proc\p18f1230.asm
                 IPR3bits   0x000fa5       data     extern E:\3.46\pic18-lt\cxx-framework\src\extended\proc\p18f1230.asm
                     LATA   0x000f89       data     extern E:\3.46\pic18-lt\cxx-framework\src\extended\proc\p18f1230.asm
                 LATAbits   0x000f89       data     extern E:\3.46\pic18-lt\cxx-framework\src\extended\proc\p18f1230.asm
                     LATB   0x000f8a       data     extern E:\3.46\pic18-lt\cxx-framework\src\extended\proc\p18f1230.asm
                 LATBbits   0x000f8a       data     extern E:\3.46\pic18-lt\cxx-framework\src\extended\proc\p18f1230.asm
                   LVDCON   0x000fd2       data     extern E:\3.46\pic18-lt\cxx-framework\src\extended\proc\p18f1230.asm
               LVDCONbits   0x000fd2       data     extern E:\3.46\pic18-lt\cxx-framework\src\extended\proc\p18f1230.asm
                   OSCCON   0x000fd3       data     extern E:\3.46\pic18-lt\cxx-framework\src\extended\proc\p18f1230.asm
               OSCCONbits   0x000fd3       data     extern E:\3.46\pic18-lt\cxx-framework\src\extended\proc\p18f1230.asm
                  OSCTUNE   0x000f9b       data     extern E:\3.46\pic18-lt\cxx-framework\src\extended\proc\p18f1230.asm
              OSCTUNEbits   0x000f9b       data     extern E:\3.46\pic18-lt\cxx-framework\src\extended\proc\p18f1230.asm
                  OVDCOND   0x000f83       data     extern E:\3.46\pic18-lt\cxx-framework\src\extended\proc\p18f1230.asm
              OVDCONDbits   0x000f83       data     extern E:\3.46\pic18-lt\cxx-framework\src\extended\proc\p18f1230.asm
                  OVDCONS   0x000f82       data     extern E:\3.46\pic18-lt\cxx-framework\src\extended\proc\p18f1230.asm
              OVDCONSbits   0x000f82       data     extern E:\3.46\pic18-lt\cxx-framework\src\extended\proc\p18f1230.asm
                       PC   0x000ff9       data     extern E:\3.46\pic18-lt\cxx-framework\src\extended\proc\p18f1230.asm
                      PCL   0x000ff9       data     extern E:\3.46\pic18-lt\cxx-framework\src\extended\proc\p18f1230.asm
                   PCLATH   0x000ffa       data     extern E:\3.46\pic18-lt\cxx-framework\src\extended\proc\p18f1230.asm
                   PCLATU   0x000ffb       data     extern E:\3.46\pic18-lt\cxx-framework\src\extended\proc\p18f1230.asm
                    PDC0H   0x000f90       data     extern E:\3.46\pic18-lt\cxx-framework\src\extended\proc\p18f1230.asm
                PDC0Hbits   0x000f90       data     extern E:\3.46\pic18-lt\cxx-framework\src\extended\proc\p18f1230.asm
                    PDC0L   0x000f91       data     extern E:\3.46\pic18-lt\cxx-framework\src\extended\proc\p18f1230.asm
                    PDC1H   0x000f8e       data     extern E:\3.46\pic18-lt\cxx-framework\src\extended\proc\p18f1230.asm
                PDC1Hbits   0x000f8e       data     extern E:\3.46\pic18-lt\cxx-framework\src\extended\proc\p18f1230.asm
                    PDC1L   0x000f8f       data     extern E:\3.46\pic18-lt\cxx-framework\src\extended\proc\p18f1230.asm
                    PDC2H   0x000f8c       data     extern E:\3.46\pic18-lt\cxx-framework\src\extended\proc\p18f1230.asm
                PDC2Hbits   0x000f8c       data     extern E:\3.46\pic18-lt\cxx-framework\src\extended\proc\p18f1230.asm
                    PDC2L   0x000f8d       data     extern E:\3.46\pic18-lt\cxx-framework\src\extended\proc\p18f1230.asm
                     PIE1   0x000f9d       data     extern E:\3.46\pic18-lt\cxx-framework\src\extended\proc\p18f1230.asm
                 PIE1bits   0x000f9d       data     extern E:\3.46\pic18-lt\cxx-framework\src\extended\proc\p18f1230.asm
                     PIE2   0x000fa0       data     extern E:\3.46\pic18-lt\cxx-framework\src\extended\proc\p18f1230.asm
                 PIE2bits   0x000fa0       data     extern E:\3.46\pic18-lt\cxx-framework\src\extended\proc\p18f1230.asm
                     PIE3   0x000fa3       data     extern E:\3.46\pic18-lt\cxx-framework\src\extended\proc\p18f1230.asm
                 PIE3bits   0x000fa3       data     extern E:\3.46\pic18-lt\cxx-framework\src\extended\proc\p18f1230.asm
                     PIR1   0x000f9e       data     extern E:\3.46\pic18-lt\cxx-framework\src\extended\proc\p18f1230.asm
                 PIR1bits   0x000f9e       data     extern E:\3.46\pic18-lt\cxx-framework\src\extended\proc\p18f1230.asm
                     PIR2   0x000fa1       data     extern E:\3.46\pic18-lt\cxx-framework\src\extended\proc\p18f1230.asm
                 PIR2bits   0x000fa1       data     extern E:\3.46\pic18-lt\cxx-framework\src\extended\proc\p18f1230.asm
                     PIR3   0x000fa4       data     extern E:\3.46\pic18-lt\cxx-framework\src\extended\proc\p18f1230.asm
                 PIR3bits   0x000fa4       data     extern E:\3.46\pic18-lt\cxx-framework\src\extended\proc\p18f1230.asm
                   PLUSW0   0x000feb       data     extern E:\3.46\pic18-lt\cxx-framework\src\extended\proc\p18f1230.asm
                   PLUSW1   0x000fe3       data     extern E:\3.46\pic18-lt\cxx-framework\src\extended\proc\p18f1230.asm
                   PLUSW2   0x000fdb       data     extern E:\3.46\pic18-lt\cxx-framework\src\extended\proc\p18f1230.asm
                    PORTA   0x000f80       data     extern E:\3.46\pic18-lt\cxx-framework\src\extended\proc\p18f1230.asm
                PORTAbits   0x000f80       data     extern E:\3.46\pic18-lt\cxx-framework\src\extended\proc\p18f1230.asm
                    PORTB   0x000f81       data     extern E:\3.46\pic18-lt\cxx-framework\src\extended\proc\p18f1230.asm
                PORTBbits   0x000f81       data     extern E:\3.46\pic18-lt\cxx-framework\src\extended\proc\p18f1230.asm
                 POSTDEC0   0x000fed       data     extern E:\3.46\pic18-lt\cxx-framework\src\extended\proc\p18f1230.asm
                 POSTDEC1   0x000fe5       data     extern E:\3.46\pic18-lt\cxx-framework\src\extended\proc\p18f1230.asm
                 POSTDEC2   0x000fdd       data     extern E:\3.46\pic18-lt\cxx-framework\src\extended\proc\p18f1230.asm
                 POSTINC0   0x000fee       data     extern E:\3.46\pic18-lt\cxx-framework\src\extended\proc\p18f1230.asm
                 POSTINC1   0x000fe6       data     extern E:\3.46\pic18-lt\cxx-framework\src\extended\proc\p18f1230.asm
                 POSTINC2   0x000fde       data     extern E:\3.46\pic18-lt\cxx-framework\src\extended\proc\p18f1230.asm
                  PREINC0   0x000fec       data     extern E:\3.46\pic18-lt\cxx-framework\src\extended\proc\p18f1230.asm
                  PREINC1   0x000fe4       data     extern E:\3.46\pic18-lt\cxx-framework\src\extended\proc\p18f1230.asm
                  PREINC2   0x000fdc       data     extern E:\3.46\pic18-lt\cxx-framework\src\extended\proc\p18f1230.asm
                     PROD   0x000ff3       data     extern E:\3.46\pic18-lt\cxx-framework\src\extended\proc\p18f1230.asm
                    PRODH   0x000ff4       data     extern E:\3.46\pic18-lt\cxx-framework\src\extended\proc\p18f1230.asm
                    PRODL   0x000ff3       data     extern E:\3.46\pic18-lt\cxx-framework\src\extended\proc\p18f1230.asm
                   PTCON0   0x000f9a       data     extern E:\3.46\pic18-lt\cxx-framework\src\extended\proc\p18f1230.asm
               PTCON0bits   0x000f9a       data     extern E:\3.46\pic18-lt\cxx-framework\src\extended\proc\p18f1230.asm
                   PTCON1   0x000f99       data     extern E:\3.46\pic18-lt\cxx-framework\src\extended\proc\p18f1230.asm
               PTCON1bits   0x000f99       data     extern E:\3.46\pic18-lt\cxx-framework\src\extended\proc\p18f1230.asm
                    PTMRH   0x000f97       data     extern E:\3.46\pic18-lt\cxx-framework\src\extended\proc\p18f1230.asm
                PTMRHbits   0x000f97       data     extern E:\3.46\pic18-lt\cxx-framework\src\extended\proc\p18f1230.asm
                    PTMRL   0x000f98       data     extern E:\3.46\pic18-lt\cxx-framework\src\extended\proc\p18f1230.asm
                   PTPERH   0x000f95       data     extern E:\3.46\pic18-lt\cxx-framework\src\extended\proc\p18f1230.asm
               PTPERHbits   0x000f95       data     extern E:\3.46\pic18-lt\cxx-framework\src\extended\proc\p18f1230.asm
                   PTPERL   0x000f96       data     extern E:\3.46\pic18-lt\cxx-framework\src\extended\proc\p18f1230.asm
                  PWMCON0   0x000f86       data     extern E:\3.46\pic18-lt\cxx-framework\src\extended\proc\p18f1230.asm
              PWMCON0bits   0x000f86       data     extern E:\3.46\pic18-lt\cxx-framework\src\extended\proc\p18f1230.asm
                  PWMCON1   0x000f85       data     extern E:\3.46\pic18-lt\cxx-framework\src\extended\proc\p18f1230.asm
              PWMCON1bits   0x000f85       data     extern E:\3.46\pic18-lt\cxx-framework\src\extended\proc\p18f1230.asm
                     RCON   0x000fd0       data     extern E:\3.46\pic18-lt\cxx-framework\src\extended\proc\p18f1230.asm
                 RCONbits   0x000fd0       data     extern E:\3.46\pic18-lt\cxx-framework\src\extended\proc\p18f1230.asm
                    RCREG   0x000fae       data     extern E:\3.46\pic18-lt\cxx-framework\src\extended\proc\p18f1230.asm
                    RCSTA   0x000fab       data     extern E:\3.46\pic18-lt\cxx-framework\src\extended\proc\p18f1230.asm
                RCSTAbits   0x000fab       data     extern E:\3.46\pic18-lt\cxx-framework\src\extended\proc\p18f1230.asm
                 SEVTCMPH   0x000f87       data     extern E:\3.46\pic18-lt\cxx-framework\src\extended\proc\p18f1230.asm
             SEVTCMPHbits   0x000f87       data     extern E:\3.46\pic18-lt\cxx-framework\src\extended\proc\p18f1230.asm
                 SEVTCMPL   0x000f88       data     extern E:\3.46\pic18-lt\cxx-framework\src\extended\proc\p18f1230.asm
                    SPBRG   0x000faf       data     extern E:\3.46\pic18-lt\cxx-framework\src\extended\proc\p18f1230.asm
                   SPBRGH   0x000fb0       data     extern E:\3.46\pic18-lt\cxx-framework\src\extended\proc\p18f1230.asm
                   STATUS   0x000fd8       data     extern E:\3.46\pic18-lt\cxx-framework\src\extended\proc\p18f1230.asm
               STATUSbits   0x000fd8       data     extern E:\3.46\pic18-lt\cxx-framework\src\extended\proc\p18f1230.asm
                   STKPTR   0x000ffc       data     extern E:\3.46\pic18-lt\cxx-framework\src\extended\proc\p18f1230.asm
               STKPTRbits   0x000ffc       data     extern E:\3.46\pic18-lt\cxx-framework\src\extended\proc\p18f1230.asm
                    T0CON   0x000fd5       data     extern E:\3.46\pic18-lt\cxx-framework\src\extended\proc\p18f1230.asm
                T0CONbits   0x000fd5       data     extern E:\3.46\pic18-lt\cxx-framework\src\extended\proc\p18f1230.asm
                    T1CON   0x000fcd       data     extern E:\3.46\pic18-lt\cxx-framework\src\extended\proc\p18f1230.asm
                T1CONbits   0x000fcd       data     extern E:\3.46\pic18-lt\cxx-framework\src\extended\proc\p18f1230.asm
                   TABLAT   0x000ff5       data     extern E:\3.46\pic18-lt\cxx-framework\src\extended\proc\p18f1230.asm
                   TBLPTR   0x000ff6       data     extern E:\3.46\pic18-lt\cxx-framework\src\extended\proc\p18f1230.asm
                  TBLPTRH   0x000ff7       data     extern E:\3.46\pic18-lt\cxx-framework\src\extended\proc\p18f1230.asm
                  TBLPTRL   0x000ff6       data     extern E:\3.46\pic18-lt\cxx-framework\src\extended\proc\p18f1230.asm
                  TBLPTRU   0x000ff8       data     extern E:\3.46\pic18-lt\cxx-framework\src\extended\proc\p18f1230.asm
                    TMR0H   0x000fd7       data     extern E:\3.46\pic18-lt\cxx-framework\src\extended\proc\p18f1230.asm
                    TMR0L   0x000fd6       data     extern E:\3.46\pic18-lt\cxx-framework\src\extended\proc\p18f1230.asm
                    TMR1H   0x000fcf       data     extern E:\3.46\pic18-lt\cxx-framework\src\extended\proc\p18f1230.asm
                    TMR1L   0x000fce       data     extern E:\3.46\pic18-lt\cxx-framework\src\extended\proc\p18f1230.asm
                      TOS   0x000ffd       data     extern E:\3.46\pic18-lt\cxx-framework\src\extended\proc\p18f1230.asm
                     TOSH   0x000ffe       data     extern E:\3.46\pic18-lt\cxx-framework\src\extended\proc\p18f1230.asm
                     TOSL   0x000ffd       data     extern E:\3.46\pic18-lt\cxx-framework\src\extended\proc\p18f1230.asm
                     TOSU   0x000fff       data     extern E:\3.46\pic18-lt\cxx-framework\src\extended\proc\p18f1230.asm
                    TRISA   0x000f92       data     extern E:\3.46\pic18-lt\cxx-framework\src\extended\proc\p18f1230.asm
                TRISAbits   0x000f92       data     extern E:\3.46\pic18-lt\cxx-framework\src\extended\proc\p18f1230.asm
                    TRISB   0x000f93       data     extern E:\3.46\pic18-lt\cxx-framework\src\extended\proc\p18f1230.asm
                TRISBbits   0x000f93       data     extern E:\3.46\pic18-lt\cxx-framework\src\extended\proc\p18f1230.asm
                    TXREG   0x000fad       data     extern E:\3.46\pic18-lt\cxx-framework\src\extended\proc\p18f1230.asm
                    TXSTA   0x000fac       data     extern E:\3.46\pic18-lt\cxx-framework\src\extended\proc\p18f1230.asm
                TXSTAbits   0x000fac       data     extern E:\3.46\pic18-lt\cxx-framework\src\extended\proc\p18f1230.asm
                        W   0x000fe8       data     extern E:\3.46\pic18-lt\cxx-framework\src\extended\proc\p18f1230.asm
                   WDTCON   0x000fd1       data     extern E:\3.46\pic18-lt\cxx-framework\src\extended\proc\p18f1230.asm
               WDTCONbits   0x000fd1       data     extern E:\3.46\pic18-lt\cxx-framework\src\extended\proc\p18f1230.asm
                     WREG   0x000fe8       data     extern E:\3.46\pic18-lt\cxx-framework\src\extended\proc\p18f1230.asm
                curr_byte   0x0000c3       data     static E:\3.46\pic18-lt\cxx-framework\src\extended\startup\c018i_e.c
               curr_entry   0x0000c5       data     static E:\3.46\pic18-lt\cxx-framework\src\extended\startup\c018i_e.c
                 data_ptr   0x0000c7       data     static E:\3.46\pic18-lt\cxx-framework\src\extended\startup\c018i_e.c
                     prom   0x0000c0       data     static E:\3.46\pic18-lt\cxx-framework\src\extended\startup\c018i_e.c



                              Symbols - Sorted by Address
                     Name    Address   Location    Storage File                     
                ---------  ---------  ---------  --------- ---------                
                   _entry   0x000000    program     extern E:\3.46\pic18-lt\cxx-framework\src\extended\startup\c018i_e.c
       ___return_lbl00000   0x000004    program     static                          
      InterruptVectorHigh   0x000008    program     extern L:\Microchip\PIC\Projects\Reko\PIC18Extd\main.c
       ___return_lbl00005   0x00000c    program     static                          
                _do_cinit   0x00000e    program     extern E:\3.46\pic18-lt\cxx-framework\src\extended\startup\c018i_e.c
                     test   0x000028    program     static                          
                copy_loop   0x000080    program     static                          
            copy_one_byte   0x000086    program     static                          
             done_copying   0x000094    program     static                          
       ___return_lbl00002   0x0000aa    program     static                          
                     done   0x0000aa    program     static                          
                     main   0x0000ac    program     extern L:\Microchip\PIC\Projects\Reko\PIC18Extd\main.c
                   doloop   0x0000d0    program     extern L:\Microchip\PIC\Projects\Reko\PIC18Extd\main.c
     InterruptHandlerHigh   0x0000fc    program     extern L:\Microchip\PIC\Projects\Reko\PIC18Extd\main.c
            __zero_memory   0x00011a    program     extern E:\3.46\pic18-lt\cxx-framework\src\extended\proc\p18f1230.asm
                   loop_h   0x000128    program     static E:\3.46\pic18-lt\cxx-framework\src\extended\proc\p18f1230.asm
               zero_block   0x000128    program     static E:\3.46\pic18-lt\cxx-framework\src\extended\proc\p18f1230.asm
                compare_l   0x000130    program     static E:\3.46\pic18-lt\cxx-framework\src\extended\proc\p18f1230.asm
                   loop_l   0x000132    program     static E:\3.46\pic18-lt\cxx-framework\src\extended\proc\p18f1230.asm
                 _startup   0x00013a    program     extern E:\3.46\pic18-lt\cxx-framework\src\extended\startup\c018i_e.c
                     loop   0x000148    program     static                          
       ___return_lbl00001   0x000152    program     static                          
                   __init   0x000154    program     extern E:\3.46\pic18-lt\cxx-framework\src\extended\stdclib\__init.c
               __config_0   0x300001    program     static L:\Microchip\PIC\Projects\Reko\PIC18Extd\main.c
               __config_1   0x300006    program     static L:\Microchip\PIC\Projects\Reko\PIC18Extd\main.c
                     prom   0x0000c0       data     static E:\3.46\pic18-lt\cxx-framework\src\extended\startup\c018i_e.c
                curr_byte   0x0000c3       data     static E:\3.46\pic18-lt\cxx-framework\src\extended\startup\c018i_e.c
               curr_entry   0x0000c5       data     static E:\3.46\pic18-lt\cxx-framework\src\extended\startup\c018i_e.c
                 data_ptr   0x0000c7       data     static E:\3.46\pic18-lt\cxx-framework\src\extended\startup\c018i_e.c
                    Flags   0x0000ca       data     extern L:\Microchip\PIC\Projects\Reko\PIC18Extd\main.c
                    PORTA   0x000f80       data     extern E:\3.46\pic18-lt\cxx-framework\src\extended\proc\p18f1230.asm
                PORTAbits   0x000f80       data     extern E:\3.46\pic18-lt\cxx-framework\src\extended\proc\p18f1230.asm
                PORTBbits   0x000f81       data     extern E:\3.46\pic18-lt\cxx-framework\src\extended\proc\p18f1230.asm
                    PORTB   0x000f81       data     extern E:\3.46\pic18-lt\cxx-framework\src\extended\proc\p18f1230.asm
                  OVDCONS   0x000f82       data     extern E:\3.46\pic18-lt\cxx-framework\src\extended\proc\p18f1230.asm
              OVDCONSbits   0x000f82       data     extern E:\3.46\pic18-lt\cxx-framework\src\extended\proc\p18f1230.asm
                  OVDCOND   0x000f83       data     extern E:\3.46\pic18-lt\cxx-framework\src\extended\proc\p18f1230.asm
              OVDCONDbits   0x000f83       data     extern E:\3.46\pic18-lt\cxx-framework\src\extended\proc\p18f1230.asm
                DTCONbits   0x000f84       data     extern E:\3.46\pic18-lt\cxx-framework\src\extended\proc\p18f1230.asm
                    DTCON   0x000f84       data     extern E:\3.46\pic18-lt\cxx-framework\src\extended\proc\p18f1230.asm
                  PWMCON1   0x000f85       data     extern E:\3.46\pic18-lt\cxx-framework\src\extended\proc\p18f1230.asm
              PWMCON1bits   0x000f85       data     extern E:\3.46\pic18-lt\cxx-framework\src\extended\proc\p18f1230.asm
                  PWMCON0   0x000f86       data     extern E:\3.46\pic18-lt\cxx-framework\src\extended\proc\p18f1230.asm
              PWMCON0bits   0x000f86       data     extern E:\3.46\pic18-lt\cxx-framework\src\extended\proc\p18f1230.asm
                 SEVTCMPH   0x000f87       data     extern E:\3.46\pic18-lt\cxx-framework\src\extended\proc\p18f1230.asm
             SEVTCMPHbits   0x000f87       data     extern E:\3.46\pic18-lt\cxx-framework\src\extended\proc\p18f1230.asm
                 SEVTCMPL   0x000f88       data     extern E:\3.46\pic18-lt\cxx-framework\src\extended\proc\p18f1230.asm
                     LATA   0x000f89       data     extern E:\3.46\pic18-lt\cxx-framework\src\extended\proc\p18f1230.asm
                 LATAbits   0x000f89       data     extern E:\3.46\pic18-lt\cxx-framework\src\extended\proc\p18f1230.asm
                 LATBbits   0x000f8a       data     extern E:\3.46\pic18-lt\cxx-framework\src\extended\proc\p18f1230.asm
                     LATB   0x000f8a       data     extern E:\3.46\pic18-lt\cxx-framework\src\extended\proc\p18f1230.asm
                FLTCONFIG   0x000f8b       data     extern E:\3.46\pic18-lt\cxx-framework\src\extended\proc\p18f1230.asm
            FLTCONFIGbits   0x000f8b       data     extern E:\3.46\pic18-lt\cxx-framework\src\extended\proc\p18f1230.asm
                    PDC2H   0x000f8c       data     extern E:\3.46\pic18-lt\cxx-framework\src\extended\proc\p18f1230.asm
                PDC2Hbits   0x000f8c       data     extern E:\3.46\pic18-lt\cxx-framework\src\extended\proc\p18f1230.asm
                    PDC2L   0x000f8d       data     extern E:\3.46\pic18-lt\cxx-framework\src\extended\proc\p18f1230.asm
                PDC1Hbits   0x000f8e       data     extern E:\3.46\pic18-lt\cxx-framework\src\extended\proc\p18f1230.asm
                    PDC1H   0x000f8e       data     extern E:\3.46\pic18-lt\cxx-framework\src\extended\proc\p18f1230.asm
                    PDC1L   0x000f8f       data     extern E:\3.46\pic18-lt\cxx-framework\src\extended\proc\p18f1230.asm
                PDC0Hbits   0x000f90       data     extern E:\3.46\pic18-lt\cxx-framework\src\extended\proc\p18f1230.asm
                    PDC0H   0x000f90       data     extern E:\3.46\pic18-lt\cxx-framework\src\extended\proc\p18f1230.asm
                    PDC0L   0x000f91       data     extern E:\3.46\pic18-lt\cxx-framework\src\extended\proc\p18f1230.asm
                    TRISA   0x000f92       data     extern E:\3.46\pic18-lt\cxx-framework\src\extended\proc\p18f1230.asm
                TRISAbits   0x000f92       data     extern E:\3.46\pic18-lt\cxx-framework\src\extended\proc\p18f1230.asm
                     DDRA   0x000f92       data     extern E:\3.46\pic18-lt\cxx-framework\src\extended\proc\p18f1230.asm
                 DDRAbits   0x000f92       data     extern E:\3.46\pic18-lt\cxx-framework\src\extended\proc\p18f1230.asm
                    TRISB   0x000f93       data     extern E:\3.46\pic18-lt\cxx-framework\src\extended\proc\p18f1230.asm
                 DDRBbits   0x000f93       data     extern E:\3.46\pic18-lt\cxx-framework\src\extended\proc\p18f1230.asm
                     DDRB   0x000f93       data     extern E:\3.46\pic18-lt\cxx-framework\src\extended\proc\p18f1230.asm
                TRISBbits   0x000f93       data     extern E:\3.46\pic18-lt\cxx-framework\src\extended\proc\p18f1230.asm
                   PTPERH   0x000f95       data     extern E:\3.46\pic18-lt\cxx-framework\src\extended\proc\p18f1230.asm
               PTPERHbits   0x000f95       data     extern E:\3.46\pic18-lt\cxx-framework\src\extended\proc\p18f1230.asm
                   PTPERL   0x000f96       data     extern E:\3.46\pic18-lt\cxx-framework\src\extended\proc\p18f1230.asm
                PTMRHbits   0x000f97       data     extern E:\3.46\pic18-lt\cxx-framework\src\extended\proc\p18f1230.asm
                    PTMRH   0x000f97       data     extern E:\3.46\pic18-lt\cxx-framework\src\extended\proc\p18f1230.asm
                    PTMRL   0x000f98       data     extern E:\3.46\pic18-lt\cxx-framework\src\extended\proc\p18f1230.asm
               PTCON1bits   0x000f99       data     extern E:\3.46\pic18-lt\cxx-framework\src\extended\proc\p18f1230.asm
                   PTCON1   0x000f99       data     extern E:\3.46\pic18-lt\cxx-framework\src\extended\proc\p18f1230.asm
               PTCON0bits   0x000f9a       data     extern E:\3.46\pic18-lt\cxx-framework\src\extended\proc\p18f1230.asm
                   PTCON0   0x000f9a       data     extern E:\3.46\pic18-lt\cxx-framework\src\extended\proc\p18f1230.asm
              OSCTUNEbits   0x000f9b       data     extern E:\3.46\pic18-lt\cxx-framework\src\extended\proc\p18f1230.asm
                  OSCTUNE   0x000f9b       data     extern E:\3.46\pic18-lt\cxx-framework\src\extended\proc\p18f1230.asm
                     PIE1   0x000f9d       data     extern E:\3.46\pic18-lt\cxx-framework\src\extended\proc\p18f1230.asm
                 PIE1bits   0x000f9d       data     extern E:\3.46\pic18-lt\cxx-framework\src\extended\proc\p18f1230.asm
                 PIR1bits   0x000f9e       data     extern E:\3.46\pic18-lt\cxx-framework\src\extended\proc\p18f1230.asm
                     PIR1   0x000f9e       data     extern E:\3.46\pic18-lt\cxx-framework\src\extended\proc\p18f1230.asm
                 IPR1bits   0x000f9f       data     extern E:\3.46\pic18-lt\cxx-framework\src\extended\proc\p18f1230.asm
                     IPR1   0x000f9f       data     extern E:\3.46\pic18-lt\cxx-framework\src\extended\proc\p18f1230.asm
                 PIE2bits   0x000fa0       data     extern E:\3.46\pic18-lt\cxx-framework\src\extended\proc\p18f1230.asm
                     PIE2   0x000fa0       data     extern E:\3.46\pic18-lt\cxx-framework\src\extended\proc\p18f1230.asm
                     PIR2   0x000fa1       data     extern E:\3.46\pic18-lt\cxx-framework\src\extended\proc\p18f1230.asm
                 PIR2bits   0x000fa1       data     extern E:\3.46\pic18-lt\cxx-framework\src\extended\proc\p18f1230.asm
                     IPR2   0x000fa2       data     extern E:\3.46\pic18-lt\cxx-framework\src\extended\proc\p18f1230.asm
                 IPR2bits   0x000fa2       data     extern E:\3.46\pic18-lt\cxx-framework\src\extended\proc\p18f1230.asm
                     PIE3   0x000fa3       data     extern E:\3.46\pic18-lt\cxx-framework\src\extended\proc\p18f1230.asm
                 PIE3bits   0x000fa3       data     extern E:\3.46\pic18-lt\cxx-framework\src\extended\proc\p18f1230.asm
                 PIR3bits   0x000fa4       data     extern E:\3.46\pic18-lt\cxx-framework\src\extended\proc\p18f1230.asm
                     PIR3   0x000fa4       data     extern E:\3.46\pic18-lt\cxx-framework\src\extended\proc\p18f1230.asm
                 IPR3bits   0x000fa5       data     extern E:\3.46\pic18-lt\cxx-framework\src\extended\proc\p18f1230.asm
                     IPR3   0x000fa5       data     extern E:\3.46\pic18-lt\cxx-framework\src\extended\proc\p18f1230.asm
               EECON1bits   0x000fa6       data     extern E:\3.46\pic18-lt\cxx-framework\src\extended\proc\p18f1230.asm
                   EECON1   0x000fa6       data     extern E:\3.46\pic18-lt\cxx-framework\src\extended\proc\p18f1230.asm
                   EECON2   0x000fa7       data     extern E:\3.46\pic18-lt\cxx-framework\src\extended\proc\p18f1230.asm
                   EEDATA   0x000fa8       data     extern E:\3.46\pic18-lt\cxx-framework\src\extended\proc\p18f1230.asm
                    EEADR   0x000fa9       data     extern E:\3.46\pic18-lt\cxx-framework\src\extended\proc\p18f1230.asm
                    RCSTA   0x000fab       data     extern E:\3.46\pic18-lt\cxx-framework\src\extended\proc\p18f1230.asm
                RCSTAbits   0x000fab       data     extern E:\3.46\pic18-lt\cxx-framework\src\extended\proc\p18f1230.asm
                TXSTAbits   0x000fac       data     extern E:\3.46\pic18-lt\cxx-framework\src\extended\proc\p18f1230.asm
                    TXSTA   0x000fac       data     extern E:\3.46\pic18-lt\cxx-framework\src\extended\proc\p18f1230.asm
                    TXREG   0x000fad       data     extern E:\3.46\pic18-lt\cxx-framework\src\extended\proc\p18f1230.asm
                    RCREG   0x000fae       data     extern E:\3.46\pic18-lt\cxx-framework\src\extended\proc\p18f1230.asm
                    SPBRG   0x000faf       data     extern E:\3.46\pic18-lt\cxx-framework\src\extended\proc\p18f1230.asm
                   SPBRGH   0x000fb0       data     extern E:\3.46\pic18-lt\cxx-framework\src\extended\proc\p18f1230.asm
                CMCONbits   0x000fb4       data     extern E:\3.46\pic18-lt\cxx-framework\src\extended\proc\p18f1230.asm
                    CMCON   0x000fb4       data     extern E:\3.46\pic18-lt\cxx-framework\src\extended\proc\p18f1230.asm
                   CVRCON   0x000fb5       data     extern E:\3.46\pic18-lt\cxx-framework\src\extended\proc\p18f1230.asm
               CVRCONbits   0x000fb5       data     extern E:\3.46\pic18-lt\cxx-framework\src\extended\proc\p18f1230.asm
              BAUDCTLbits   0x000fb8       data     extern E:\3.46\pic18-lt\cxx-framework\src\extended\proc\p18f1230.asm
                  BAUDCTL   0x000fb8       data     extern E:\3.46\pic18-lt\cxx-framework\src\extended\proc\p18f1230.asm
              BAUDCONbits   0x000fb8       data     extern E:\3.46\pic18-lt\cxx-framework\src\extended\proc\p18f1230.asm
                  BAUDCON   0x000fb8       data     extern E:\3.46\pic18-lt\cxx-framework\src\extended\proc\p18f1230.asm
                   ADCON2   0x000fc0       data     extern E:\3.46\pic18-lt\cxx-framework\src\extended\proc\p18f1230.asm
               ADCON2bits   0x000fc0       data     extern E:\3.46\pic18-lt\cxx-framework\src\extended\proc\p18f1230.asm
               ADCON1bits   0x000fc1       data     extern E:\3.46\pic18-lt\cxx-framework\src\extended\proc\p18f1230.asm
                   ADCON1   0x000fc1       data     extern E:\3.46\pic18-lt\cxx-framework\src\extended\proc\p18f1230.asm
               ADCON0bits   0x000fc2       data     extern E:\3.46\pic18-lt\cxx-framework\src\extended\proc\p18f1230.asm
                   ADCON0   0x000fc2       data     extern E:\3.46\pic18-lt\cxx-framework\src\extended\proc\p18f1230.asm
                    ADRES   0x000fc3       data     extern E:\3.46\pic18-lt\cxx-framework\src\extended\proc\p18f1230.asm
                   ADRESL   0x000fc3       data     extern E:\3.46\pic18-lt\cxx-framework\src\extended\proc\p18f1230.asm
                   ADRESH   0x000fc4       data     extern E:\3.46\pic18-lt\cxx-framework\src\extended\proc\p18f1230.asm
                T1CONbits   0x000fcd       data     extern E:\3.46\pic18-lt\cxx-framework\src\extended\proc\p18f1230.asm
                    T1CON   0x000fcd       data     extern E:\3.46\pic18-lt\cxx-framework\src\extended\proc\p18f1230.asm
                    TMR1L   0x000fce       data     extern E:\3.46\pic18-lt\cxx-framework\src\extended\proc\p18f1230.asm
                    TMR1H   0x000fcf       data     extern E:\3.46\pic18-lt\cxx-framework\src\extended\proc\p18f1230.asm
                     RCON   0x000fd0       data     extern E:\3.46\pic18-lt\cxx-framework\src\extended\proc\p18f1230.asm
                 RCONbits   0x000fd0       data     extern E:\3.46\pic18-lt\cxx-framework\src\extended\proc\p18f1230.asm
               WDTCONbits   0x000fd1       data     extern E:\3.46\pic18-lt\cxx-framework\src\extended\proc\p18f1230.asm
                   WDTCON   0x000fd1       data     extern E:\3.46\pic18-lt\cxx-framework\src\extended\proc\p18f1230.asm
               LVDCONbits   0x000fd2       data     extern E:\3.46\pic18-lt\cxx-framework\src\extended\proc\p18f1230.asm
                   LVDCON   0x000fd2       data     extern E:\3.46\pic18-lt\cxx-framework\src\extended\proc\p18f1230.asm
               OSCCONbits   0x000fd3       data     extern E:\3.46\pic18-lt\cxx-framework\src\extended\proc\p18f1230.asm
                   OSCCON   0x000fd3       data     extern E:\3.46\pic18-lt\cxx-framework\src\extended\proc\p18f1230.asm
                    T0CON   0x000fd5       data     extern E:\3.46\pic18-lt\cxx-framework\src\extended\proc\p18f1230.asm
                T0CONbits   0x000fd5       data     extern E:\3.46\pic18-lt\cxx-framework\src\extended\proc\p18f1230.asm
                    TMR0L   0x000fd6       data     extern E:\3.46\pic18-lt\cxx-framework\src\extended\proc\p18f1230.asm
                    TMR0H   0x000fd7       data     extern E:\3.46\pic18-lt\cxx-framework\src\extended\proc\p18f1230.asm
                   STATUS   0x000fd8       data     extern E:\3.46\pic18-lt\cxx-framework\src\extended\proc\p18f1230.asm
               STATUSbits   0x000fd8       data     extern E:\3.46\pic18-lt\cxx-framework\src\extended\proc\p18f1230.asm
                     FSR2   0x000fd9       data     extern E:\3.46\pic18-lt\cxx-framework\src\extended\proc\p18f1230.asm
                    FSR2L   0x000fd9       data     extern E:\3.46\pic18-lt\cxx-framework\src\extended\proc\p18f1230.asm
                    FSR2H   0x000fda       data     extern E:\3.46\pic18-lt\cxx-framework\src\extended\proc\p18f1230.asm
                   PLUSW2   0x000fdb       data     extern E:\3.46\pic18-lt\cxx-framework\src\extended\proc\p18f1230.asm
                  PREINC2   0x000fdc       data     extern E:\3.46\pic18-lt\cxx-framework\src\extended\proc\p18f1230.asm
                 POSTDEC2   0x000fdd       data     extern E:\3.46\pic18-lt\cxx-framework\src\extended\proc\p18f1230.asm
                 POSTINC2   0x000fde       data     extern E:\3.46\pic18-lt\cxx-framework\src\extended\proc\p18f1230.asm
                    INDF2   0x000fdf       data     extern E:\3.46\pic18-lt\cxx-framework\src\extended\proc\p18f1230.asm
                      BSR   0x000fe0       data     extern E:\3.46\pic18-lt\cxx-framework\src\extended\proc\p18f1230.asm
                    FSR1L   0x000fe1       data     extern E:\3.46\pic18-lt\cxx-framework\src\extended\proc\p18f1230.asm
                     FSR1   0x000fe1       data     extern E:\3.46\pic18-lt\cxx-framework\src\extended\proc\p18f1230.asm
                    FSR1H   0x000fe2       data     extern E:\3.46\pic18-lt\cxx-framework\src\extended\proc\p18f1230.asm
                   PLUSW1   0x000fe3       data     extern E:\3.46\pic18-lt\cxx-framework\src\extended\proc\p18f1230.asm
                  PREINC1   0x000fe4       data     extern E:\3.46\pic18-lt\cxx-framework\src\extended\proc\p18f1230.asm
                 POSTDEC1   0x000fe5       data     extern E:\3.46\pic18-lt\cxx-framework\src\extended\proc\p18f1230.asm
                 POSTINC1   0x000fe6       data     extern E:\3.46\pic18-lt\cxx-framework\src\extended\proc\p18f1230.asm
                    INDF1   0x000fe7       data     extern E:\3.46\pic18-lt\cxx-framework\src\extended\proc\p18f1230.asm
                     WREG   0x000fe8       data     extern E:\3.46\pic18-lt\cxx-framework\src\extended\proc\p18f1230.asm
                        W   0x000fe8       data     extern E:\3.46\pic18-lt\cxx-framework\src\extended\proc\p18f1230.asm
                     FSR0   0x000fe9       data     extern E:\3.46\pic18-lt\cxx-framework\src\extended\proc\p18f1230.asm
                    FSR0L   0x000fe9       data     extern E:\3.46\pic18-lt\cxx-framework\src\extended\proc\p18f1230.asm
                    FSR0H   0x000fea       data     extern E:\3.46\pic18-lt\cxx-framework\src\extended\proc\p18f1230.asm
                   PLUSW0   0x000feb       data     extern E:\3.46\pic18-lt\cxx-framework\src\extended\proc\p18f1230.asm
                  PREINC0   0x000fec       data     extern E:\3.46\pic18-lt\cxx-framework\src\extended\proc\p18f1230.asm
                 POSTDEC0   0x000fed       data     extern E:\3.46\pic18-lt\cxx-framework\src\extended\proc\p18f1230.asm
                 POSTINC0   0x000fee       data     extern E:\3.46\pic18-lt\cxx-framework\src\extended\proc\p18f1230.asm
                    INDF0   0x000fef       data     extern E:\3.46\pic18-lt\cxx-framework\src\extended\proc\p18f1230.asm
              INTCON3bits   0x000ff0       data     extern E:\3.46\pic18-lt\cxx-framework\src\extended\proc\p18f1230.asm
                  INTCON3   0x000ff0       data     extern E:\3.46\pic18-lt\cxx-framework\src\extended\proc\p18f1230.asm
                  INTCON2   0x000ff1       data     extern E:\3.46\pic18-lt\cxx-framework\src\extended\proc\p18f1230.asm
              INTCON2bits   0x000ff1       data     extern E:\3.46\pic18-lt\cxx-framework\src\extended\proc\p18f1230.asm
                   INTCON   0x000ff2       data     extern E:\3.46\pic18-lt\cxx-framework\src\extended\proc\p18f1230.asm
               INTCONbits   0x000ff2       data     extern E:\3.46\pic18-lt\cxx-framework\src\extended\proc\p18f1230.asm
                     PROD   0x000ff3       data     extern E:\3.46\pic18-lt\cxx-framework\src\extended\proc\p18f1230.asm
                    PRODL   0x000ff3       data     extern E:\3.46\pic18-lt\cxx-framework\src\extended\proc\p18f1230.asm
                    PRODH   0x000ff4       data     extern E:\3.46\pic18-lt\cxx-framework\src\extended\proc\p18f1230.asm
                   TABLAT   0x000ff5       data     extern E:\3.46\pic18-lt\cxx-framework\src\extended\proc\p18f1230.asm
                  TBLPTRL   0x000ff6       data     extern E:\3.46\pic18-lt\cxx-framework\src\extended\proc\p18f1230.asm
                   TBLPTR   0x000ff6       data     extern E:\3.46\pic18-lt\cxx-framework\src\extended\proc\p18f1230.asm
                  TBLPTRH   0x000ff7       data     extern E:\3.46\pic18-lt\cxx-framework\src\extended\proc\p18f1230.asm
                  TBLPTRU   0x000ff8       data     extern E:\3.46\pic18-lt\cxx-framework\src\extended\proc\p18f1230.asm
                       PC   0x000ff9       data     extern E:\3.46\pic18-lt\cxx-framework\src\extended\proc\p18f1230.asm
                      PCL   0x000ff9       data     extern E:\3.46\pic18-lt\cxx-framework\src\extended\proc\p18f1230.asm
                   PCLATH   0x000ffa       data     extern E:\3.46\pic18-lt\cxx-framework\src\extended\proc\p18f1230.asm
                   PCLATU   0x000ffb       data     extern E:\3.46\pic18-lt\cxx-framework\src\extended\proc\p18f1230.asm
                   STKPTR   0x000ffc       data     extern E:\3.46\pic18-lt\cxx-framework\src\extended\proc\p18f1230.asm
               STKPTRbits   0x000ffc       data     extern E:\3.46\pic18-lt\cxx-framework\src\extended\proc\p18f1230.asm
                     TOSL   0x000ffd       data     extern E:\3.46\pic18-lt\cxx-framework\src\extended\proc\p18f1230.asm
                      TOS   0x000ffd       data     extern E:\3.46\pic18-lt\cxx-framework\src\extended\proc\p18f1230.asm
                     TOSH   0x000ffe       data     extern E:\3.46\pic18-lt\cxx-framework\src\extended\proc\p18f1230.asm
                     TOSU   0x000fff       data     extern E:\3.46\pic18-lt\cxx-framework\src\extended\proc\p18f1230.asm


